// Jest Snapshot v1, https://goo.gl/fbAQLP

exports[`<Footer /> should render the necessary elements 1`] = `
<div
  className="footer"
>
  Â© 2018 Copyright noordean.
</div>
`;
